17:48:14	0f 01 05 00 04 08 04 04 00 00 00 00 00 00 10 18
17:48:26	0f 01 05 00 04 08 04 04 00 00 00 00 00 00 10 18
17:48:50	0f 01 05 00 04 08 04 04 00 00 00 00 00 00 10 18
17:49:14	0f 01 05 00 04 08 04 04 00 00 00 00 00 00 10 18
17:49:26	0f 01 05 00 04 08 04 04 00 00 00 00 00 00 10 18
17:49:50	0f 01 05 00 04 08 04 04 00 00 00 00 00 00 10 18
17:50:14	0f 01 05 00 04 08 04 04 00 00 00 00 00 00 10 18
17:50:26	0f 01 05 00 04 08 04 04 00 00 00 00 00 00 10 18
17:50:50	0f 01 05 00 04 08 04 04 00 00 00 00 00 00 10 18
17:51:14	0f 01 05 00 04 08 04 04 00 00 00 00 00 00 10 18
17:51:26	0f 01 05 00 04 08 04 04 00 00 00 00 00 00 10 18
17:51:50	0f 01 05 00 04 08 04 04 00 00 00 00 00 00 10 18
17:52:14	0f 01 05 00 04 08 04 04 00 00 00 00 00 00 10 18
17:52:26	0f 01 05 00 04 08 04 04 00 00 00 00 00 00 10 18
17:52:50	0f 01 05 00 04 08 04 04 00 00 00 00 00 00 10 18
17:53:14	0f 01 05 00 04 08 04 04 00 00 00 00 00 00 10 18
17:53:26	0f 01 05 00 04 08 04 04 00 00 00 00 00 00 10 18
17:53:50	0f 01 05 00 04 08 04 04 00 00 00 00 00 00 10 18
17:54:14	0f 01 05 00 04 08 04 04 00 00 00 00 00 00 10 18
17:54:26	0f 01 05 00 04 08 04 04 00 00 00 00 00 00 10 18
17:54:50	0f 01 05 00 04 08 04 04 00 00 00 00 00 00 10 18
17:55:14	0f 01 05 00 04 08 04 04 00 00 00 00 00 00 10 18
17:55:26	0f 01 05 00 04 08 04 04 00 00 00 00 00 00 10 18
17:55:50	0f 01 05 00 04 08 04 04 00 00 00 00 00 00 10 18
17:56:14	0f 01 05 00 04 08 04 04 00 00 00 00 00 00 10 18
17:56:26	0f 01 05 00 04 08 04 04 00 00 00 00 00 00 10 18
17:56:50	0f 01 05 00 04 08 04 04 00 00 00 00 00 00 10 18
17:57:02	0f 01 45 00 05 08 04 04 00 00 00 00 00 00 a2 1d
17:57:14	0f 01 45 00 05 08 04 04 00 00 00 00 00 00 a2 1d
17:57:26	0f 01 45 00 05 08 04 04 00 00 00 00 00 00 a2 1d
17:57:50	0f 01 45 00 05 08 04 04 00 00 00 00 00 00 a2 1d
17:58:14	0f 01 45 00 05 08 04 08 00 00 00 00 00 00 f0 76
17:58:26	0f 01 45 00 05 08 04 08 00 00 00 00 00 00 f0 76
17:58:50	0f 01 45 00 05 08 04 08 00 00 00 00 00 00 f0 76
17:59:14	0f 01 45 00 05 08 04 08 00 00 00 00 00 00 f0 76
17:59:26	0f 01 45 00 05 08 04 08 00 00 00 00 00 00 f0 76
17:59:50	0f 01 45 00 05 08 04 08 00 00 00 00 00 00 f0 76
18:00:14	0f 01 45 00 05 08 04 08 00 00 00 00 00 00 f0 76
18:00:26	0f 01 45 00 05 08 04 08 00 00 00 00 00 00 f0 76
18:00:50	0f 01 45 00 05 08 04 08 00 00 00 00 00 00 f0 76
18:01:02	0f 01 15 00 04 08 04 08 00 00 00 00 00 00 75 23
18:01:14	0f 01 15 00 04 08 04 08 00 00 00 00 00 00 75 23
18:01:26	0f 01 15 00 04 08 04 08 00 00 00 00 00 00 75 23
18:01:50	0f 01 15 00 04 08 04 08 00 00 00 00 00 00 75 23
18:02:14	0f 01 15 00 04 08 04 08 00 00 00 00 00 00 75 23
18:02:26	0f 01 15 00 04 08 04 08 00 00 00 00 00 00 75 23
18:02:50	0f 01 05 00 04 08 04 08 00 00 00 00 00 00 42 73
18:03:14	0f 01 05 00 04 08 04 08 00 00 00 00 00 00 42 73
18:03:26	0f 01 05 00 04 08 04 08 00 00 00 00 00 00 42 73
18:03:50	0f 01 05 00 04 08 04 08 00 00 00 00 00 00 42 73
18:04:14	0f 01 03 00 04 08 04 09 00 00 00 00 00 00 f1 2c
18:04:26	0f 01 03 00 04 08 04 09 00 00 00 00 00 00 f1 2c
18:04:38	0f 01 03 00 0c 08 04 09 00 00 00 00 00 00 bb 67
18:04:50	0f 01 03 00 0c 08 04 09 00 00 00 00 00 00 bb 67
18:05:14	0f 01 03 00 0c 08 04 09 00 00 00 00 00 00 bb 67
18:05:26	0f 01 03 00 0c 08 04 09 00 00 00 00 00 00 bb 67
18:05:50	0f 01 03 00 0c 08 04 09 00 00 00 00 00 00 bb 67
18:06:14	0f 01 05 00 0c 08 04 09 00 00 00 00 00 00 b0 59
18:06:26	0f 01 05 00 0c 08 04 09 00 00 00 00 00 00 b0 59
18:06:50	0f 01 05 00 0c 08 04 09 00 00 00 00 00 00 b0 59
18:07:14	0f 01 05 00 0c 08 04 09 00 00 00 00 00 00 b0 59
18:07:26	0f 01 05 00 0c 08 04 09 00 00 00 00 00 00 b0 59
18:07:50	0f 01 05 00 0c 08 04 09 00 00 00 00 00 00 b0 59
18:08:14	0f 01 05 00 0c 08 04 09 00 00 00 00 00 00 b0 59
18:08:26	0f 01 05 00 0c 08 04 09 00 00 00 00 00 00 b0 59
18:08:50	0f 01 05 00 0c 08 04 09 00 00 00 00 00 00 b0 59
18:09:14	0f 01 05 00 0c 08 04 09 00 00 00 00 00 00 b0 59
18:09:26	0f 01 05 00 0c 08 04 09 00 00 00 00 00 00 b0 59
18:09:50	0f 01 45 00 0d 08 04 09 00 00 00 00 00 00 02 5c
18:10:02	0f 01 45 00 0d 08 04 07 00 00 00 00 00 00 30 d4
18:10:14	0f 01 45 00 0d 08 04 07 00 00 00 00 00 00 30 d4
18:10:26	0f 01 45 00 0d 08 04 07 00 00 00 00 00 00 30 d4
18:10:50	0f 01 45 00 0d 08 04 07 00 00 00 00 00 00 30 d4
18:11:14	0f 01 45 00 0d 08 04 07 00 00 00 00 00 00 30 d4
18:11:26	0f 01 45 00 0d 08 04 07 00 00 00 00 00 00 30 d4
18:11:50	0f 01 45 00 0d 08 04 07 00 00 00 00 00 00 30 d4
18:12:14	0f 01 45 00 0d 08 04 07 00 00 00 00 00 00 30 d4
18:12:26	0f 01 15 00 0c 08 04 07 00 00 00 00 00 00 b5 81
18:12:50	0f 01 15 00 0c 08 04 07 00 00 00 00 00 00 b5 81
18:13:14	0f 01 05 00 0c 08 04 07 00 00 00 00 00 00 82 d1
18:13:26	0f 01 05 00 0c 08 04 07 00 00 00 00 00 00 82 d1
18:13:50	0f 01 05 00 0c 08 04 09 00 00 00 00 00 00 b0 59
18:14:14	0f 01 05 00 0c 08 04 09 00 00 00 00 00 00 b0 59
18:14:26	0f 01 05 00 0c 08 04 09 00 00 00 00 00 00 b0 59
18:14:50	0f 01 05 00 0c 08 04 09 00 00 00 00 00 00 b0 59
18:15:14	0f 01 05 00 0c 08 04 09 00 00 00 00 00 00 b0 59
18:15:26	0f 01 05 00 0c 08 04 09 00 00 00 00 00 00 b0 59
18:15:50	0f 01 05 00 0c 08 04 09 00 00 00 00 00 00 b0 59
18:16:14	0f 01 05 00 0c 08 04 09 00 00 00 00 00 00 b0 59
18:16:26	0f 01 05 00 0c 08 04 09 00 00 00 00 00 00 b0 59
18:16:50	0f 01 05 00 0c 08 04 09 00 00 00 00 00 00 b0 59
18:17:14	0f 01 05 00 0c 08 04 09 00 00 00 00 00 00 b0 59
18:17:26	0f 01 05 00 0c 08 04 09 00 00 00 00 00 00 b0 59
18:17:50	0f 01 05 00 0c 08 04 09 00 00 00 00 00 00 b0 59
18:18:14	0f 01 05 00 0c 08 04 09 00 00 00 00 00 00 b0 59
18:18:26	0f 01 05 00 0c 08 04 09 00 00 00 00 00 00 b0 59
18:18:38	0f 01 45 00 0d 08 04 09 00 00 00 00 00 00 02 5c
18:18:50	0f 01 45 00 09 08 04 11 00 00 00 00 00 00 0b bf
18:19:14	0f 01 45 00 09 08 04 11 00 00 00 00 00 00 0b bf
18:19:26	0f 01 45 00 09 08 04 11 00 00 00 00 00 00 0b bf
18:19:50	0f 01 4d 00 09 00 04 11 00 00 00 00 00 00 39 e8
18:20:14	0f 01 4d 00 09 00 04 11 00 00 00 00 00 00 39 e8
18:20:26	0f 01 4d 00 09 00 04 11 00 00 00 00 00 00 39 e8
18:20:50	0f 01 4d 00 09 00 04 11 00 00 00 00 00 00 39 e8
18:21:14	0f 01 4d 00 09 00 04 11 00 00 00 00 00 00 39 e8
18:21:26	0f 01 4d 00 09 00 04 11 00 00 00 00 00 00 39 e8
18:21:50	0f 01 4d 00 09 00 04 11 00 00 00 00 00 00 39 e8
18:22:14	0f 01 4d 00 09 00 04 11 00 00 00 00 00 00 39 e8
18:22:26	0f 01 4d 00 09 00 04 11 00 00 00 00 00 00 39 e8
18:22:50	0f 01 4d 00 09 00 04 11 00 00 00 00 00 00 39 e8
18:23:14	0f 01 45 00 09 00 04 11 00 00 00 00 00 00 22 40
18:23:26	0f 01 45 00 09 00 04 11 00 00 00 00 00 00 22 40
18:23:38	0f 01 15 00 08 00 01 09 64 00 00 00 00 00 12 c4
18:23:50	0f 01 15 00 08 00 01 09 64 00 00 00 00 00 12 c4
18:24:14	0f 01 05 00 08 00 01 09 64 00 00 00 00 00 25 94
18:24:26	0f 01 05 00 08 00 01 09 64 00 00 00 00 00 25 94
18:24:50	0f 01 05 00 08 00 01 09 64 00 00 00 00 00 25 94
18:25:14	0f 01 05 00 08 00 01 09 64 00 00 00 00 00 25 94
18:25:26	0f 01 05 00 08 00 07 00 00 00 00 00 00 00 d7 2a
18:25:50	0f 01 05 00 08 00 07 00 00 00 00 00 00 00 d7 2a
18:26:14	0f 01 05 00 08 00 07 00 00 00 00 00 00 00 d7 2a
18:26:26	0f 01 05 00 08 00 07 00 00 00 00 00 00 00 d7 2a
18:26:50	0f 01 05 00 08 00 07 00 00 00 00 00 00 00 d7 2a
18:27:14	0f 01 05 00 08 00 07 00 00 00 00 00 00 00 d7 2a
18:27:26	0f 01 05 00 08 00 07 00 00 00 00 00 00 00 d7 2a
18:27:50	0f 01 05 00 08 00 07 00 00 00 00 00 00 00 d7 2a
18:28:14	0f 01 05 00 08 00 07 00 00 00 00 00 00 00 d7 2a
18:28:26	0f 01 05 00 08 00 07 00 00 00 00 00 00 00 d7 2a
18:28:50	0f 01 05 00 08 00 07 00 00 00 00 00 00 00 d7 2a
18:29:14	0f 01 05 00 08 00 07 00 00 00 00 00 00 00 d7 2a
18:29:26	0f 01 05 00 08 00 07 00 00 00 00 00 00 00 d7 2a
18:29:50	0f 01 05 00 08 00 07 00 00 00 00 00 00 00 d7 2a
18:30:14	0f 01 05 00 08 00 07 00 00 00 00 00 00 00 d7 2a
18:30:26	0f 01 05 00 08 00 07 00 00 00 00 00 00 00 d7 2a
18:30:50	0f 01 05 00 08 00 07 00 00 00 00 00 00 00 d7 2a
18:31:14	0f 01 05 00 08 00 07 00 00 00 00 00 00 00 d7 2a
18:31:26	0f 01 05 00 08 00 07 00 00 00 00 00 00 00 d7 2a
18:31:50	0f 01 05 00 08 00 07 00 00 00 00 00 00 00 d7 2a
18:32:02	0f 01 05 00 08 00 0e 02 00 00 00 00 00 00 ee c0
18:32:14	0f 01 05 00 08 00 0e 02 00 00 00 00 00 00 ee c0
18:32:26	0f 01 05 00 08 00 0e 02 00 00 00 00 00 00 ee c0
18:32:50	0f 01 05 00 08 00 0e 02 00 00 00 00 00 00 ee c0
18:33:14	0f 01 05 00 08 00 0e 02 00 00 00 00 00 00 ee c0
18:33:26	0f 01 05 00 00 00 07 00 00 00 00 00 00 00 9d 61
18:33:50	0f 01 05 00 00 00 07 00 00 00 00 00 00 00 9d 61
18:34:14	0f 01 05 00 00 00 07 00 00 00 00 00 00 00 9d 61
18:34:26	0f 01 05 00 00 00 07 00 00 00 00 00 00 00 9d 61
18:34:50	0f 01 05 00 00 00 07 00 00 00 00 00 00 00 9d 61
18:35:14	0f 01 05 00 00 00 07 00 00 00 00 00 00 00 9d 61
18:35:26	0f 01 05 00 00 00 07 00 00 00 00 00 00 00 9d 61
18:35:50	0f 01 05 00 00 00 07 00 00 00 00 00 00 00 9d 61
18:36:14	0f 01 05 00 00 00 07 00 00 00 00 00 00 00 9d 61
18:36:26	0f 01 05 00 00 00 07 00 00 00 00 00 00 00 9d 61
18:36:50	0f 01 05 00 00 00 07 00 00 00 00 00 00 00 9d 61
18:37:14	0f 01 05 00 00 00 07 00 00 00 00 00 00 00 9d 61
18:37:26	0f 01 05 00 00 00 07 00 00 00 00 00 00 00 9d 61
18:37:38	0f 01 05 00 00 00 07 00 00 00 00 00 00 00 9d 61
18:37:50	0f 01 05 00 00 00 07 00 00 00 00 00 00 00 9d 61
18:38:14	0f 01 05 00 00 00 07 00 00 00 00 00 00 00 9d 61
18:38:26	0f 01 05 00 00 00 07 00 00 00 00 00 00 00 9d 61
18:38:50	0f 01 05 00 00 00 07 00 00 00 00 00 00 00 9d 61
