18:44:26	0f 00 04 00 00 00 07 00 00 00 00 00 00 00 db 77
18:46:26	0f 02 04 01 00 00 07 00 00 00 00 00 00 00 89 f8
18:50:38	0f 04 05 01 00 00 0c 03 0e 00 00 00 00 00 8b 68
18:50:50	0f 04 05 01 00 00 0c 03 55 00 00 00 00 00 38 5e
18:51:02	0f 04 05 01 00 00 07 00 00 00 00 00 00 00 05 e6
18:53:02	0f 02 04 01 00 00 07 00 00 00 00 00 00 00 89 f8
18:54:38	0f 00 04 00 00 00 07 00 00 00 00 00 00 00 db 77
18:55:02	0f 01 05 00 00 00 07 00 00 00 00 00 00 00 9d 61
18:55:50	0f 01 05 00 00 00 05 02 00 00 00 00 00 00 72 24
18:56:02	0f 01 05 00 00 00 05 04 08 00 00 00 00 00 de 43
18:56:14	0f 01 05 00 00 00 05 04 16 00 00 00 00 00 44 64
18:56:26	0f 01 05 00 00 00 05 04 23 00 00 00 00 00 28 e9
18:56:38	0f 01 05 00 00 00 05 04 30 00 00 00 00 00 fc 8d
18:56:50	0f 00 04 00 00 00 05 06 64 00 00 00 00 00 ac 4d
18:57:02	0f 00 04 00 00 00 07 00 00 00 00 00 00 00 db 77
19:03:26	0f 01 05 00 00 00 07 00 00 00 00 00 00 00 9d 61
19:10:26	0f 01 05 00 00 00 05 02 00 00 00 00 00 00 72 24
19:10:38	0f 01 05 00 00 00 05 04 05 00 00 00 00 00 90 00
19:10:50	0f 01 05 00 00 00 05 04 13 00 00 00 00 00 07 65
19:11:02	0f 01 05 00 00 00 05 04 20 00 00 00 00 00 e6 09
19:11:14	0f 01 05 00 00 00 05 04 2e 00 00 00 00 00 66 aa
19:11:26	0f 00 04 00 00 00 07 00 00 00 00 00 00 00 db 77
19:26:50	0f 01 05 00 00 00 07 00 00 00 00 00 00 00 9d 61
19:27:02	0f 01 05 00 00 00 05 02 00 00 00 00 00 00 72 24
19:27:14	0f 01 05 00 00 00 05 04 03 00 00 00 00 00 1d e1
19:27:26	0f 01 05 00 00 00 05 04 11 00 00 00 00 00 8c 25
19:27:38	0f 01 05 00 00 00 05 04 1e 00 00 00 00 00 49 26
19:27:50	0f 01 05 00 00 00 05 04 2b 00 00 00 00 00 25 ab
19:28:02	0f 01 05 00 00 00 07 00 00 00 00 00 00 00 9d 61
19:28:26	0f 01 05 00 00 00 05 04 02 00 00 00 00 00 58 41
19:28:38	0f 00 04 00 00 00 07 00 00 00 00 00 00 00 db 77
19:31:50	0f 01 05 00 00 00 07 00 00 00 00 00 00 00 9d 61
19:43:02	0f 01 05 00 00 00 05 02 00 00 00 00 00 00 72 24
19:43:14	0f 01 05 00 00 00 05 04 07 00 00 00 00 00 1b 40
19:43:26	0f 01 05 00 00 00 05 04 14 00 00 00 00 00 cf 24
19:43:38	0f 01 05 00 00 00 05 04 22 00 00 00 00 00 6d 49
19:43:50	0f 01 05 00 00 00 05 04 2f 00 00 00 00 00 23 0a
19:44:02	0f 01 05 00 00 00 05 04 3d 00 00 00 00 00 b2 ce
19:44:14	0f 01 05 00 00 00 05 04 4a 00 00 00 00 00 3f 13
19:44:26	0f 01 05 00 00 00 05 04 58 00 00 00 00 00 ae d7
19:44:38	0f 01 05 00 00 00 05 06 64 00 00 00 00 00 ea 5b
19:44:50	0f 01 05 00 00 00 07 00 00 00 00 00 00 00 9d 61
19:47:56	0f 00 04 00 00 00 07 00 00 00 00 00 00 00 db 77
19:50:26	0f 01 05 00 00 00 07 00 00 00 00 00 00 00 9d 61
19:50:38	0f 01 05 00 00 00 05 02 00 00 00 00 00 00 72 24
19:50:50	0f 01 05 00 00 00 05 04 0a 00 00 00 00 00 55 03
19:51:02	0f 01 05 00 00 00 05 04 17 00 00 00 00 00 01 c4
19:51:14	0f 01 05 00 00 00 05 04 25 00 00 00 00 00 a5 08
19:51:26	0f 01 05 00 00 00 05 04 32 00 00 00 00 00 77 cd
19:51:38	0f 01 05 00 00 00 05 04 3f 00 00 00 00 00 39 8e
19:51:50	0f 01 05 00 00 00 05 04 4d 00 00 00 00 00 f7 52
19:52:02	0f 01 05 00 00 00 05 04 5a 00 00 00 00 00 25 97
19:52:14	0f 01 05 00 00 00 07 00 00 00 00 00 00 00 9d 61
19:54:26	0f 00 04 00 00 00 07 00 00 00 00 00 00 00 db 77
19:56:02	0f 01 05 00 00 00 07 00 00 00 00 00 00 00 9d 61
19:57:26	0f 01 05 00 00 00 05 04 01 00 00 00 00 00 96 a1
19:57:38	0f 01 05 00 00 00 05 04 0e 00 00 00 00 00 53 a2
19:57:50	0f 01 05 00 00 00 05 04 1b 00 00 00 00 00 0a 27
19:58:02	0f 01 05 00 00 00 05 04 29 00 00 00 00 00 ae eb
19:58:14	0f 01 05 00 00 00 05 04 36 00 00 00 00 00 71 6c
19:58:26	0f 01 05 00 00 00 05 04 44 00 00 00 00 00 bf b0
19:58:38	0f 00 04 00 00 00 07 00 00 00 00 00 00 00 db 77
