17:48:14	0f 01 05 00 04 08 04 04 00 00 00 00 00 00 10 18
17:57:02	0f 01 45 00 05 08 04 04 00 00 00 00 00 00 a2 1d
17:58:14	0f 01 45 00 05 08 04 08 00 00 00 00 00 00 f0 76
18:01:02	0f 01 15 00 04 08 04 08 00 00 00 00 00 00 75 23
18:02:50	0f 01 05 00 04 08 04 08 00 00 00 00 00 00 42 73
18:04:14	0f 01 03 00 04 08 04 09 00 00 00 00 00 00 f1 2c
18:04:38	0f 01 03 00 0c 08 04 09 00 00 00 00 00 00 bb 67
18:06:14	0f 01 05 00 0c 08 04 09 00 00 00 00 00 00 b0 59
18:09:50	0f 01 45 00 0d 08 04 09 00 00 00 00 00 00 02 5c
18:10:02	0f 01 45 00 0d 08 04 07 00 00 00 00 00 00 30 d4
18:12:26	0f 01 15 00 0c 08 04 07 00 00 00 00 00 00 b5 81
18:13:14	0f 01 05 00 0c 08 04 07 00 00 00 00 00 00 82 d1
18:13:50	0f 01 05 00 0c 08 04 09 00 00 00 00 00 00 b0 59
18:18:38	0f 01 45 00 0d 08 04 09 00 00 00 00 00 00 02 5c
18:18:50	0f 01 45 00 09 08 04 11 00 00 00 00 00 00 0b bf
18:19:50	0f 01 4d 00 09 00 04 11 00 00 00 00 00 00 39 e8
18:23:14	0f 01 45 00 09 00 04 11 00 00 00 00 00 00 22 40
18:23:38	0f 01 15 00 08 00 01 09 64 00 00 00 00 00 12 c4
18:24:14	0f 01 05 00 08 00 01 09 64 00 00 00 00 00 25 94
18:25:26	0f 01 05 00 08 00 07 00 00 00 00 00 00 00 d7 2a
18:32:02	0f 01 05 00 08 00 0e 02 00 00 00 00 00 00 ee c0
18:33:26	0f 01 05 00 00 00 07 00 00 00 00 00 00 00 9d 61
